// Jest Snapshot v1, https://goo.gl/fbAQLP

exports[`Pagination Snapshot should matches DOM Snapshot 1`] = `
<ul
  aria-label="Pagination"
  className="flex items-center justify-center my-4"
  role="navigation"
>
  <li
    className="previous disabled"
  >
    <a
      aria-disabled="true"
      aria-label="Previous page"
      className=" "
      onClick={[Function]}
      onKeyPress={[Function]}
      rel="prev"
      role="button"
      tabIndex="-1"
    >
      <span
        className="w-8 h-8 mx-2  hover:text-amber-400 flex items-center justify-center rounded-lg bg-gray-400"
      >
        <svg
          fill="currentColor"
          height="1em"
          stroke="currentColor"
          strokeWidth="0"
          style={
            Object {
              "color": undefined,
            }
          }
          viewBox="0 0 24 24"
          width="1em"
          xmlns="http://www.w3.org/2000/svg"
        >
          <path
            d="m4.431 12.822 13 9A1 1 0 0 0 19 21V3a1 1 0 0 0-1.569-.823l-13 9a1.003 1.003 0 0 0 0 1.645z"
          />
        </svg>
      </span>
    </a>
  </li>
  <li
    className="next"
  >
    <a
      aria-disabled="false"
      aria-label="Next page"
      className=""
      onClick={[Function]}
      onKeyPress={[Function]}
      rel="next"
      role="button"
      tabIndex="0"
    >
      <span
        className="w-8 h-8 mx-2 hover:text-amber-400 flex items-center justify-center rounded-lg bg-gray-400"
      >
        <svg
          fill="currentColor"
          height="1em"
          stroke="currentColor"
          strokeWidth="0"
          style={
            Object {
              "color": undefined,
            }
          }
          viewBox="0 0 24 24"
          width="1em"
          xmlns="http://www.w3.org/2000/svg"
        >
          <path
            d="M5.536 21.886a1.004 1.004 0 0 0 1.033-.064l13-9a1 1 0 0 0 0-1.644l-13-9A1 1 0 0 0 5 3v18a1 1 0 0 0 .536.886z"
          />
        </svg>
      </span>
    </a>
  </li>
</ul>
`;
