// Jest Snapshot v1, https://goo.gl/fbAQLP

exports[`Footer renders correctly 1`] = `
<footer
  className="bottom-0 w-screen mx-auto  text-center bg-gray-800 text-white backdrop:blur-2xl"
>
  <div
    className="px-6  md:py-14 xl:pt-10 xl:pb-10 py-6"
  >
    <h2
      className="font-semibold text-3xl xl:text-3xl leading-snug"
    >
      footer.hook
    </h2>
    <div
      className="mt-10 xl:mt-10"
    >
      <nav
        className="flex flex-wrap justify-center text-lg font-medium"
      >
        <div
          className="px-5 py-2"
        >
          <a
            href="/about"
            onClick={[Function]}
            onMouseEnter={[Function]}
            onTouchStart={[Function]}
          >
            About
          </a>
        </div>
        <div
          className="px-5 py-2"
        >
          <a
            href="/termsAndConditions"
            onClick={[Function]}
            onMouseEnter={[Function]}
            onTouchStart={[Function]}
          >
            Terms of Use
          </a>
        </div>
        <div
          className="px-5 py-2"
        >
          <a
            href="/events"
            onClick={[Function]}
            onMouseEnter={[Function]}
            onTouchStart={[Function]}
          >
            Events
          </a>
        </div>
        <div
          className="px-5 py-2"
        >
          <a
            href="/authentication/signIn"
            onClick={[Function]}
            onMouseEnter={[Function]}
            onTouchStart={[Function]}
          >
            Account
          </a>
        </div>
        <div
          className="px-5 py-2"
        >
          <a
            href="/authentication/signUp"
            onClick={[Function]}
            onMouseEnter={[Function]}
            onTouchStart={[Function]}
          >
            Your Events
          </a>
        </div>
      </nav>
      <hr
        className="text-black"
      />
      <p
        className="mt-7 font-medium"
      >
        Â© Re:Coded DZ NEA FEW 2023
      </p>
    </div>
  </div>
</footer>
`;
