// Jest Snapshot v1, https://goo.gl/fbAQLP

exports[`JoinButton renders correctly 1`] = `
<div
  onClick={[Function]}
>
  joinbtn.join
</div>
`;
